[Parameter]
0=ssc_bridge_rectifier_1_sm_circuit/OpCCode_do_not_touch/S-Function1|Value|0|Scalar|0|1|1|0.0|Constant|59:7|
1=ssc_bridge_rectifier_1_sm_circuit/OpCCode_do_not_touch/S-Function|InitialCondition|0|Scalar|0|1|1|0.0|Memory|59:6|
10=ssc_bridge_rectifier_1_sm_circuit/sm_circuit/Subsystem_around_RTP_983F50E8_vc/Subsystem_around_RTP_983F50E8_vc|Value|0|Scalar|0|1|1|0.0|Constant|1:0|
11=ssc_bridge_rectifier_1_sm_circuit/sm_circuit/OpMonitor|P1Size| |RVector|0|1|2|1.0|1.0|S-Function opmonitor|1:35|
12=ssc_bridge_rectifier_1_sm_circuit/sm_circuit/OpMonitor|P1|compute_time|Scalar|0|1|1|1.0|S-Function opmonitor|1:35|
13=ssc_bridge_rectifier_1_sm_circuit/sm_circuit/OpMonitor|P2Size| |RVector|0|1|2|1.0|1.0|S-Function opmonitor|1:35|
14=ssc_bridge_rectifier_1_sm_circuit/sm_circuit/OpMonitor|P2|real_step|Scalar|0|1|1|1.0|S-Function opmonitor|1:35|
15=ssc_bridge_rectifier_1_sm_circuit/sm_circuit/OpMonitor|P3Size| |RVector|0|1|2|1.0|1.0|S-Function opmonitor|1:35|
16=ssc_bridge_rectifier_1_sm_circuit/sm_circuit/OpMonitor|P3|idle_time|Scalar|0|1|1|1.0|S-Function opmonitor|1:35|
17=ssc_bridge_rectifier_1_sm_circuit/sm_circuit/OpMonitor|P4Size| |RVector|0|1|2|1.0|1.0|S-Function opmonitor|1:35|
18=ssc_bridge_rectifier_1_sm_circuit/sm_circuit/OpMonitor|P4|nb_overruns|Scalar|0|1|1|1.0|S-Function opmonitor|1:35|
19=ssc_bridge_rectifier_1_sm_circuit/sm_circuit/OpMonitor|P5Size| |RVector|0|1|2|1.0|1.0|S-Function opmonitor|1:35|
2=ssc_bridge_rectifier_1_sm_circuit/sm_circuit/OpComm/Receive/S-Function|P1Size| |RVector|0|1|2|1.0|1.0|S-Function RECV_Param|1:78:21|
20=ssc_bridge_rectifier_1_sm_circuit/sm_circuit/OpMonitor|P5|user_time|Scalar|0|1|1|0.0|S-Function opmonitor|1:35|
21=ssc_bridge_rectifier_1_sm_circuit/sm_circuit/OpMonitor|P6Size| |RVector|0|1|2|1.0|32.0|S-Function opmonitor|1:35|
22=ssc_bridge_rectifier_1_sm_circuit/sm_circuit/OpMonitor|P6| |RVector|0|1|32|109.0|121.0|95.0|101.0|118.0|101.0|110.0|116.0|95.0|110.0|97.0|109.0|101.0|44.0|97.0|110.0|111.0|116.0|104.0|101.0|114.0|95.0|101.0|118.0|101.0|110.0|116.0|95.0|110.0|97.0|109.0|101.0|S-Function opmonitor|1:35|
23=ssc_bridge_rectifier_1_sm_circuit/sm_circuit/rtlab_send_subsystem/Subsystem1/Send1/S-Function|P1Size| |RVector|0|1|2|1.0|1.0|S-Function OP_SEND|1:95:31|
24=ssc_bridge_rectifier_1_sm_circuit/sm_circuit/rtlab_send_subsystem/Subsystem1/Send1/S-Function|P1|Acqu_group|Scalar|0|1|1|1.0|S-Function OP_SEND|1:95:31|
3=ssc_bridge_rectifier_1_sm_circuit/sm_circuit/OpComm/Receive/S-Function|P1|Data_width|Scalar|0|1|1|2.0|S-Function RECV_Param|1:78:21|
4=ssc_bridge_rectifier_1_sm_circuit/sm_circuit/OpComm/Receive/S-Function|P2Size| |RVector|0|1|2|2.0|1.0|S-Function RECV_Param|1:78:21|
5=ssc_bridge_rectifier_1_sm_circuit/sm_circuit/OpComm/Receive/S-Function|P2|InitialConditions|CVector|0|2|1|169.705627484771|1.0|S-Function RECV_Param|1:78:21|
6=ssc_bridge_rectifier_1_sm_circuit/sm_circuit/Sine Wave|Amplitude|1|Scalar|0|1|1|1.0|Sin|1:39|
7=ssc_bridge_rectifier_1_sm_circuit/sm_circuit/Sine Wave|Bias|0|Scalar|0|1|1|0.0|Sin|1:39|
8=ssc_bridge_rectifier_1_sm_circuit/sm_circuit/Sine Wave|Frequency|2*pi*60|Scalar|0|1|1|376.99111843077515|Sin|1:39|
9=ssc_bridge_rectifier_1_sm_circuit/sm_circuit/Sine Wave|Phase|0|Scalar|0|1|1|0.0|Sin|1:39|
nbParameters=25
[Signal]
0=ssc_bridge_rectifier_1_sm_circuit/OpCCode_do_not_touch/S-Function|NULL|0|1|1|1|S|Memory|0|59:6|
1=ssc_bridge_rectifier_1_sm_circuit/OpCCode_do_not_touch/Sum|NULL|1|1|1|1|S|Sum|0|59:9|
10=ssc_bridge_rectifier_1_sm_circuit/sm_circuit/OpMonitor|NULL|10|1|1|1|S|S-Function opmonitor|0|1:35|
11=ssc_bridge_rectifier_1_sm_circuit/sm_circuit/OpMonitor|NULL|11|1|1|1|S|S-Function opmonitor|0|1:35|
12=ssc_bridge_rectifier_1_sm_circuit/sm_circuit/OpMonitor|NULL|12|1|1|1|S|S-Function opmonitor|0|1:35|
2=ssc_bridge_rectifier_1_sm_circuit/sm_circuit/OpComm/Receive/S-Function|NULL|2|2|2|1|V|S-Function RECV_Param|0|1:78:21|
3=ssc_bridge_rectifier_1_sm_circuit/sm_circuit/Sine Wave|NULL|3|1|1|1|S|Sin|0|1:39|
4=ssc_bridge_rectifier_1_sm_circuit/sm_circuit/Product|NULL|4|1|1|1|S|Product|0|1:37|
5=ssc_bridge_rectifier_1_sm_circuit/sm_circuit/Solver Configuration/EVAL_KEY/INPUT_1_1_1|NULL|5|4|4|1|V|SimscapeInputBlock|0|1:40:16:24|
6=ssc_bridge_rectifier_1_sm_circuit/sm_circuit/Solver Configuration/RTP_1|NULL|6|1|1|1|S|SimscapeRtp|0|1:40:0|
7=ssc_bridge_rectifier_1_sm_circuit/sm_circuit/Solver Configuration/EVAL_KEY/STATE_1|NULL|7|11|11|1|V|SimscapeExecutionBlock|0|1:40:16:25|
8=ssc_bridge_rectifier_1_sm_circuit/sm_circuit/Solver Configuration/EVAL_KEY/OUTPUT_1_0|NULL|8|1|1|1|S|SimscapeExecutionBlock|0|1:40:16:26|
9=ssc_bridge_rectifier_1_sm_circuit/sm_circuit/OpMonitor|NULL|9|1|1|1|S|S-Function opmonitor|0|1:35|
nbSignals=13
[ModelDataStructure]
10=CTOutputIncnstWithState
143=zCCacheNeedsReset
30=derivCacheNeedsReset
76=odeF
77=odeY
[dwork]
0=INPUT_1_1_1_Discrete|real_T|
1=STATE_1_Discrete|real_T|
10=OUTPUT_1_0_Simulator|void*|
11=OUTPUT_1_0_SimData|void*|
12=OUTPUT_1_0_DiagMgr|void*|
13=OUTPUT_1_0_ZcLogger|void*|
14=OUTPUT_1_0_TsIndex|void*|
16=STATE_1_Modes|int_T|
17=OUTPUT_1_0_Modes|int_T|
18=SFunction_IWORK|IWORK|
19=RTP_1_SetParametersNeeded|boolean_T|
2=SFunction_PreviousInput|real_T|
20=STATE_1_FirstOutput|boolean_T|
21=OUTPUT_1_0_FirstOutput|boolean_T|
3=OUTPUT_1_0_Discrete|real_T|
4=RTP_1_RtpManager|void*|
5=STATE_1_Simulator|void*|
6=STATE_1_SimData|void*|
7=STATE_1_DiagMgr|void*|
8=STATE_1_ZcLogger|void*|
9=STATE_1_TsIndex|void*|
[TimingStructure]
103=sampleHitArray
107=sampleTimesArray
110=sampleTimeTaskIDArray
114=simTimeStep
116=tStart
117=stepSize
118=stepSize0
119=stepSize1
121=stopRequestedFlag
131=tArray
145=timeOfLastOutput
3=clockTick0
35=tFinal
4=clockTick1
5=clockTickH0
6=clockTickH1
79=offsetTimesArray
85=perTaskSampleHitsArray
